<html>
<body>
<pre>
<h1>µVision Build Log</h1>
<h2>Tool Versions:</h2>
IDE-Version: µVision V5.36.0.0
Copyright (C) 2021 ARM Ltd and ARM Germany GmbH. All rights reserved.
License Information: ahmed Microsoft, Microsoft, LIC=8MZI6-D55UE-UMX9A-180UQ-4PU1W-MGZ2G
 
Tool Versions:
Toolchain:       MDK-ARM Professional  Version: 5.36.0.0
Toolchain Path:  C:\Keil_v5\ARM\ARMCC\Bin
C Compiler:      Armcc.exe V5.06 update 7 (build 960)
Assembler:       Armasm.exe V5.06 update 7 (build 960)
Linker/Locator:  ArmLink.exe V5.06 update 7 (build 960)
Library Manager: ArmAr.exe V5.06 update 7 (build 960)
Hex Converter:   FromElf.exe V5.06 update 7 (build 960)
CPU DLL:         SARM.DLL V5.36.0.0
Dialog DLL:      DARMP.DLL V1.53.0.0
Target DLL:      UL2ARM.DLL V1.74.14.0
Dialog DLL:      TARMP.DLL V1.53.0.0
 
<h2>Project:</h2>
C:\Users\Ingenieur\Desktop\18-8\Project_ahmed_omar\project_EDF\RTOSDemo.uvproj
Project File Date:  08/12/2022

<h2>Output:</h2>
*** Using Compiler 'V5.06 update 7 (build 960)', folder: 'C:\Keil_v5\ARM\ARMCC\Bin'
Rebuild target 'RTOSDemo_THUMB'
Note: source file '.\Starter_Files_V1\source\serial.c' - object file renamed from '.\bin\serial.o' to '.\bin\serial_1.o'.
Note: source file '.\Starter_Files_V1\source\serial.c' - object file renamed from '.\bin\serial.o' to '.\bin\serial_1.o'.
assembling serialISR.s...
assembling Startup.s...
compiling ParTest.c...
compiling GPIO.c...
compiling GPIO_cfg.c...
compiling main.c...
assembling portASM.s...
compiling serial.c...
compiling list.c...
compiling heap_2.c...
compiling port.c...
compiling queue.c...
compiling serial.c...
compiling tasks.c...
linking...
.\bin\RTOSDemo.axf: Warning: L6304W: Duplicate input file .\bin\serial_1.o ignored.
Program Size: Code=14720 RO-data=32 RW-data=304 ZI-data=15576  
Finished: 0 information, 1 warning and 0 error messages.
FromELF: creating hex file...
".\bin\RTOSDemo.axf" - 0 Error(s), 1 Warning(s).
Build Time Elapsed:  00:00:03
</pre>
</body>
</html>
